logs/a6000_naive_seed46_torch27.txt
val_bpb:enabled tokenizer_kind=sentencepiece tokenizer_path=./data/tokenizers/fineweb_1024_bpe.model
train_loader:dataset:fineweb10B_sp1024 train_shards:1
val_loader:shards pattern=./data/datasets/fineweb10B_sp1024/fineweb_val_*.bin tokens:62021632
model_params:17059912
world_size:1 grad_accum_steps:8
sdp_backends:cudnn=False flash=True mem_efficient=False math=False
attention_mode:gqa num_heads:8 num_kv_heads:4
tie_embeddings:True embed_lr:0.05 head_lr:0.0 matrix_lr:0.04 scalar_lr:0.04
train_batch_tokens:524288 train_seq_len:1024 iterations:20000 warmup_steps:20 max_wallclock_seconds:480.000
seed:46
warmup_step:1/20
warmup_step:2/20
warmup_step:3/20
warmup_step:4/20
warmup_step:5/20
warmup_step:6/20
warmup_step:7/20
warmup_step:8/20
warmup_step:9/20
warmup_step:10/20
warmup_step:11/20
warmup_step:12/20
warmup_step:13/20
warmup_step:14/20
warmup_step:15/20
warmup_step:16/20
warmup_step:17/20
warmup_step:18/20
warmup_step:19/20
warmup_step:20/20
step:0/20000 val_loss:6.9365 val_bpb:4.1082 train_time:0ms step_avg:0.02ms
step:1/20000 train_loss:6.9366 train_time:1268ms step_avg:1268.45ms
step:2/20000 train_loss:16.8365 train_time:2572ms step_avg:1286.05ms
step:3/20000 train_loss:13.3160 train_time:3877ms step_avg:1292.49ms
step:4/20000 train_loss:9.8700 train_time:5186ms step_avg:1296.38ms
step:5/20000 train_loss:7.5388 train_time:6493ms step_avg:1298.58ms
step:6/20000 train_loss:6.4618 train_time:7800ms step_avg:1300.05ms
step:7/20000 train_loss:5.9328 train_time:9108ms step_avg:1301.12ms
step:8/20000 train_loss:5.8468 train_time:10416ms step_avg:1301.97ms
step:9/20000 train_loss:5.8254 train_time:11725ms step_avg:1302.73ms
step:10/20000 train_loss:5.8196 train_time:13032ms step_avg:1303.23ms
step:200/20000 train_loss:2.8710 train_time:262963ms step_avg:1314.82ms
step:200/20000 val_loss:2.8866 val_bpb:1.7096 train_time:262964ms step_avg:1314.82ms
step:366/20000 val_loss:2.6589 val_bpb:1.5748 train_time:480686ms step_avg:1313.35ms
stopping_early: wallclock_cap train_time:480686ms step:366/20000
peak memory allocated: 10317 MiB reserved: 10382 MiB
Serialized model: 67224983 bytes
Code size: 47686 bytes
Total submission size: 67272669 bytes
Serialized model int8+zlib: 9086757 bytes (payload:17178912 raw_torch:17224025 payload_ratio:3.91x)
Total submission size int8+zlib: 9134443 bytes
final_int8_zlib_roundtrip val_loss:2.7019 val_bpb:1.6002 eval_time:47498ms
final_int8_zlib_roundtrip_exact val_loss:2.70193388 val_bpb:1.60023744
