logs/a6000_naive_seed42.txt
val_bpb:enabled tokenizer_kind=sentencepiece tokenizer_path=./data/tokenizers/fineweb_1024_bpe.model
train_loader:dataset:fineweb10B_sp1024 train_shards:1
val_loader:shards pattern=./data/datasets/fineweb10B_sp1024/fineweb_val_*.bin tokens:62021632
model_params:17059912
world_size:1 grad_accum_steps:8
sdp_backends:cudnn=False flash=True mem_efficient=False math=False
attention_mode:gqa num_heads:8 num_kv_heads:4
tie_embeddings:True embed_lr:0.05 head_lr:0.0 matrix_lr:0.04 scalar_lr:0.04
train_batch_tokens:524288 train_seq_len:1024 iterations:20000 warmup_steps:20 max_wallclock_seconds:480.000
seed:42
[rank0]: Traceback (most recent call last):
[rank0]:   File "/tmp/neomagi_p3_m0/parameter-golf/train_gpt.py", line 1126, in <module>
[rank0]:     main()
[rank0]:     ~~~~^^
[rank0]:   File "/tmp/neomagi_p3_m0/parameter-golf/train_gpt.py", line 949, in main
[rank0]:     (warmup_loss * grad_scale).backward()
[rank0]:     ~~~~~~~~~~~~~~~~~~~~~~~~~~~~~~~~~~~^^
[rank0]:   File "/tmp/neomagi_p3_m0/parameter-golf/.venv/lib/python3.14/site-packages/torch/_tensor.py", line 631, in backward
[rank0]:     torch.autograd.backward(
[rank0]:     ~~~~~~~~~~~~~~~~~~~~~~~^
[rank0]:         self, gradient, retain_graph, create_graph, inputs=inputs
[rank0]:         ^^^^^^^^^^^^^^^^^^^^^^^^^^^^^^^^^^^^^^^^^^^^^^^^^^^^^^^^^
[rank0]:     )
[rank0]:     ^
[rank0]:   File "/tmp/neomagi_p3_m0/parameter-golf/.venv/lib/python3.14/site-packages/torch/autograd/__init__.py", line 379, in backward
[rank0]:     _engine_run_backward(
[rank0]:     ~~~~~~~~~~~~~~~~~~~~^
[rank0]:         tensors,
[rank0]:         ^^^^^^^^
[rank0]:     ...<5 lines>...
[rank0]:         accumulate_grad=True,
[rank0]:         ^^^^^^^^^^^^^^^^^^^^^
[rank0]:     )
[rank0]:     ^
[rank0]:   File "/tmp/neomagi_p3_m0/parameter-golf/.venv/lib/python3.14/site-packages/torch/autograd/graph.py", line 882, in _engine_run_backward
[rank0]:     return Variable._execution_engine.run_backward(  # Calls into the C++ engine to run the backward pass
[rank0]:            ~~~~~~~~~~~~~~~~~~~~~~~~~~~~~~~~~~~~~~~^^^^^^^^^^^^^^^^^^^^^^^^^^^^^^^^^^^^^^^^^^^^^^^^^^^^^^^
[rank0]:         t_outputs, *args, **kwargs
[rank0]:         ^^^^^^^^^^^^^^^^^^^^^^^^^^
[rank0]:     )  # Calls into the C++ engine to run the backward pass
[rank0]:     ^
[rank0]: RuntimeError: Function CompiledFunctionBackward returned an invalid gradient at index 3 - got [1, 512] but expected shape compatible with [1, 1, 512]
[rank0]:[W530 15:02:15.833976692 ProcessGroupNCCL.cpp:1647] Warning: WARNING: destroy_process_group() was not called before program exit, which can leak resources. For more info, please see https://pytorch.org/docs/stable/distributed.html#shutdown (function operator())
E0530 15:02:17.547000 93936 torch/distributed/elastic/multiprocessing/api.py:988] failed (exitcode: 1) local_rank: 0 (pid: 94011) of binary: /tmp/neomagi_p3_m0/parameter-golf/.venv/bin/python
Traceback (most recent call last):
  File "/tmp/neomagi_p3_m0/parameter-golf/.venv/bin/torchrun", line 10, in <module>
    sys.exit(main())
             ~~~~^^
  File "/tmp/neomagi_p3_m0/parameter-golf/.venv/lib/python3.14/site-packages/torch/distributed/elastic/multiprocessing/errors/__init__.py", line 367, in wrapper
    return f(*args, **kwargs)
  File "/tmp/neomagi_p3_m0/parameter-golf/.venv/lib/python3.14/site-packages/torch/distributed/run.py", line 1016, in main
    run(args)
    ~~~^^^^^^
  File "/tmp/neomagi_p3_m0/parameter-golf/.venv/lib/python3.14/site-packages/torch/distributed/run.py", line 1007, in run
    elastic_launch(
    ~~~~~~~~~~~~~~~
        config=config,
        ~~~~~~~~~~~~~~
        entrypoint=cmd,
        ~~~~~~~~~~~~~~~
    )(*cmd_args)
    ~^^^^^^^^^^^
  File "/tmp/neomagi_p3_m0/parameter-golf/.venv/lib/python3.14/site-packages/torch/distributed/launcher/api.py", line 191, in __call__
    return launch_agent(self._config, self._entrypoint, list(args))
  File "/tmp/neomagi_p3_m0/parameter-golf/.venv/lib/python3.14/site-packages/torch/distributed/launcher/api.py", line 371, in launch_agent
    raise ChildFailedError(
    ...<2 lines>...
    )
torch.distributed.elastic.multiprocessing.errors.ChildFailedError:
============================================================
train_gpt.py FAILED
------------------------------------------------------------
Failures:
  <NO_OTHER_FAILURES>
------------------------------------------------------------
Root Cause (first observed failure):
[0]:
  time      : 2026-05-30_15:02:17
  host      : deva6000
  rank      : 0 (local_rank: 0)
  exitcode  : 1 (pid: 94011)
  error_file: <N/A>
  traceback : To enable traceback see: https://pytorch.org/docs/stable/elastic/errors.html
============================================================
