logs/a6000_naive_seed42_torch27.txt
val_bpb:enabled tokenizer_kind=sentencepiece tokenizer_path=./data/tokenizers/fineweb_1024_bpe.model
train_loader:dataset:fineweb10B_sp1024 train_shards:1
val_loader:shards pattern=./data/datasets/fineweb10B_sp1024/fineweb_val_*.bin tokens:62021632
model_params:17059912
world_size:1 grad_accum_steps:8
sdp_backends:cudnn=False flash=True mem_efficient=False math=False
attention_mode:gqa num_heads:8 num_kv_heads:4
tie_embeddings:True embed_lr:0.05 head_lr:0.0 matrix_lr:0.04 scalar_lr:0.04
train_batch_tokens:524288 train_seq_len:1024 iterations:20000 warmup_steps:20 max_wallclock_seconds:480.000
seed:42
warmup_step:1/20
warmup_step:2/20
warmup_step:3/20
warmup_step:4/20
warmup_step:5/20
warmup_step:6/20
warmup_step:7/20
warmup_step:8/20
warmup_step:9/20
warmup_step:10/20
warmup_step:11/20
warmup_step:12/20
warmup_step:13/20
warmup_step:14/20
warmup_step:15/20
warmup_step:16/20
warmup_step:17/20
warmup_step:18/20
warmup_step:19/20
warmup_step:20/20
step:0/20000 val_loss:6.9374 val_bpb:4.1087 train_time:0ms step_avg:0.02ms
step:1/20000 train_loss:6.9372 train_time:1256ms step_avg:1255.65ms
step:2/20000 train_loss:16.8058 train_time:2546ms step_avg:1272.94ms
step:3/20000 train_loss:13.2488 train_time:3839ms step_avg:1279.74ms
step:4/20000 train_loss:9.7532 train_time:5133ms step_avg:1283.16ms
step:5/20000 train_loss:7.4389 train_time:6428ms step_avg:1285.61ms
step:6/20000 train_loss:6.4011 train_time:7725ms step_avg:1287.51ms
step:7/20000 train_loss:5.9217 train_time:9021ms step_avg:1288.69ms
step:8/20000 train_loss:5.8422 train_time:10318ms step_avg:1289.71ms
step:9/20000 train_loss:5.8310 train_time:11615ms step_avg:1290.52ms
step:10/20000 train_loss:5.8280 train_time:12912ms step_avg:1291.18ms
step:200/20000 train_loss:2.8744 train_time:261731ms step_avg:1308.66ms
step:200/20000 val_loss:2.8866 val_bpb:1.7096 train_time:261732ms step_avg:1308.66ms
step:367/20000 val_loss:2.6526 val_bpb:1.5710 train_time:480405ms step_avg:1309.01ms
stopping_early: wallclock_cap train_time:480405ms step:367/20000
peak memory allocated: 10317 MiB reserved: 10382 MiB
Serialized model: 67224983 bytes
Code size: 47686 bytes
Total submission size: 67272669 bytes
Serialized model int8+zlib: 9096068 bytes (payload:17178912 raw_torch:17224025 payload_ratio:3.91x)
Total submission size int8+zlib: 9143754 bytes
final_int8_zlib_roundtrip val_loss:2.6948 val_bpb:1.5960 eval_time:47477ms
final_int8_zlib_roundtrip_exact val_loss:2.69479085 val_bpb:1.59600693
